\BOOKMARK [1][-]{section.1}{\376\377\137\025\212\000}{}% 1
\BOOKMARK [1][-]{section.2}{\376\377\166\370\121\163\135\345\117\134}{}% 2
\BOOKMARK [2][-]{subsection.2.1}{\376\377\150\257\136\246\143\320\123\107\121\263\173\126\150\021}{section.2}% 3
\BOOKMARK [2][-]{subsection.2.2}{\376\377\215\205\123\302\145\160\117\030\123\026}{section.2}% 4
\BOOKMARK [2][-]{subsection.2.3}{\376\377\201\352\220\002\136\224\133\146\116\140}{section.2}% 5
\BOOKMARK [1][-]{section.3}{\376\377\145\271\154\325}{}% 6
\BOOKMARK [2][-]{subsection.3.1}{\376\377\150\106\147\266\151\202\217\360}{section.3}% 7
\BOOKMARK [2][-]{subsection.3.2}{\376\377\145\160\143\156\165\073\120\317\122\006\147\220}{section.3}% 8
\BOOKMARK [2][-]{subsection.3.3}{\376\377\162\266\140\001\166\321\143\247}{section.3}% 9
\BOOKMARK [2][-]{subsection.3.4}{\376\377\201\352\220\002\136\224\173\126\165\145}{section.3}% 10
\BOOKMARK [3][-]{subsubsection.3.4.1}{\376\377\127\372\116\216\135\356\215\335\166\204\173\126\165\145\000\050\000G\000a\000p\000-\000B\000a\000s\000e\000d\000\051}{subsection.3.4}% 11
\BOOKMARK [3][-]{subsubsection.3.4.2}{\376\377\127\372\116\216\215\213\122\277\166\204\173\126\165\145\000\050\000T\000r\000e\000n\000d\000-\000B\000a\000s\000e\000d\000\051}{subsection.3.4}% 12
\BOOKMARK [3][-]{subsubsection.3.4.3}{\376\377\145\160\143\156\141\037\167\345\173\126\165\145\000\050\000D\000a\000t\000a\000-\000A\000w\000a\000r\000e\000\051}{subsection.3.4}% 13
\BOOKMARK [3][-]{subsubsection.3.4.4}{\376\377\155\367\124\010\173\126\165\145\000\050\000H\000y\000b\000r\000i\000d\000\051}{subsection.3.4}% 14
\BOOKMARK [2][-]{subsection.3.5}{\376\377\123\302\145\160\214\003\145\164\147\072\122\066}{section.3}% 15
\BOOKMARK [2][-]{subsection.3.6}{\376\377\173\227\154\325\155\101\172\013}{section.3}% 16
\BOOKMARK [1][-]{section.4}{\376\377\133\236\232\214}{}% 17
\BOOKMARK [2][-]{subsection.4.1}{\376\377\133\236\232\214\213\276\177\156}{section.4}% 18
\BOOKMARK [2][-]{subsection.4.2}{\376\377\116\073\211\201\176\323\147\234}{section.4}% 19
\BOOKMARK [2][-]{subsection.4.3}{\376\377\127\072\146\157\122\006\147\220}{section.4}% 20
\BOOKMARK [2][-]{subsection.4.4}{\376\377\155\210\207\215\133\236\232\214}{section.4}% 21
\BOOKMARK [2][-]{subsection.4.5}{\376\377\201\352\220\002\136\224\217\307\172\013\123\357\211\306\123\026}{section.4}% 22
\BOOKMARK [1][-]{section.5}{\376\377\213\250\213\272}{}% 23
\BOOKMARK [2][-]{subsection.5.1}{\376\377\000A\000d\000a\000P\000r\000u\000n\000e\117\125\145\366\147\011\136\056\122\251\377\037}{section.5}% 24
\BOOKMARK [2][-]{subsection.5.2}{\376\377\213\241\173\227\137\000\225\000}{section.5}% 25
\BOOKMARK [2][-]{subsection.5.3}{\376\377\134\100\226\120\140\047}{section.5}% 26
\BOOKMARK [2][-]{subsection.5.4}{\376\377\147\052\147\145\135\345\117\134}{section.5}% 27
\BOOKMARK [1][-]{section.6}{\376\377\176\323\213\272}{}% 28
